[backblue.gif]
[fade.gif]
[index.html]
[www.nurseitmukaytegin.com/envato-templates/xen/assets/images/logo/logo-loader.png]
[www.nurseitmukaytegin.com/envato-templates/xen/assets/images/logo/logo-white.png]
[www.nurseitmukaytegin.com/envato-templates/xen/assets/images/logo/logo-black.png]
[www.nurseitmukaytegin.com/envato-templates/xen/assets/images/backgrounds/pexels-photo-1806031.jpg]
[www.nurseitmukaytegin.com/envato-templates/xen/assets/images/backgrounds/adolescent-adult-diversity-1034361.jpg]
[www.nurseitmukaytegin.com/envato-templates/xen/assets/images/backgrounds/bald-casual-facial-hair-1708528.jpg]
[www.nurseitmukaytegin.com/envato-templates/xen/assets/images/backgrounds/art-artistic-artsy-1988681.jpg]
[www.nurseitmukaytegin.com/envato-templates/xen/assets/images/backgrounds/beautiful-black-close-up-1689731.jpg]
[www.nurseitmukaytegin.com/envato-templates/xen/assets/images/backgrounds/double-exposure-2390185_1920.jpg]
[www.nurseitmukaytegin.com/envato-templates/xen/assets/images/backgrounds/bart-simpson-casual-close-up-1813947copy1.jpg]
[www.nurseitmukaytegin.com/envato-templates/xen/assets/images/projects/pexels-photo-1619654.jpg]
[www.nurseitmukaytegin.com/envato-templates/xen/assets/images/projects/audio-cassette-cassette-tape-1626481.jpg]
[www.nurseitmukaytegin.com/envato-templates/xen/assets/images/projects/blur-close-up-equipment-1034651.jpg]
[www.nurseitmukaytegin.com/envato-templates/xen/assets/images/projects/chocolate-delicious-dessert-890500.jpg]
[www.nurseitmukaytegin.com/envato-templates/xen/assets/images/clients/3eabc7ab-8bae-44f0-8389-0169389e38c2.png]
[www.nurseitmukaytegin.com/envato-templates/xen/assets/images/clients/1c4bfb0e-0b9f-4c19-ba5c-113fb0714514.png]
[www.nurseitmukaytegin.com/envato-templates/xen/assets/images/clients/6b9fcb90-c595-432a-a97c-fcd318b74c04.png]
[www.nurseitmukaytegin.com/envato-templates/xen/assets/images/clients/699301b6-83ff-47f8-ad46-a6b871e79293.png]
[www.nurseitmukaytegin.com/envato-templates/xen/assets/images/clients/7d1fe64f-fbd7-4e5f-896d-6d79c91f29bf.png]
[www.nurseitmukaytegin.com/envato-templates/xen/assets/images/clients/858e2e28-faae-441c-bd9c-5c490c72b562.png]
[www.nurseitmukaytegin.com/envato-templates/xen/assets/images/clients/8b587214-bdcb-4d74-bb61-2480d1d15aa7.png]
[www.nurseitmukaytegin.com/envato-templates/xen/assets/images/clients/4b983c9a-759d-4921-ba60-dbbcaa702ee5.png]
[www.nurseitmukaytegin.com/envato-templates/xen/assets/images/clients/8f65e211-cd41-46dc-8c1d-ba228ac36eb9.png]
[www.nurseitmukaytegin.com/envato-templates/xen/assets/images/clients/9c30d6d6-6af9-4fb1-bed3-e5ea4df4c281.png]
[www.nurseitmukaytegin.com/envato-templates/xen/assets/images/clients/4731da4b-b2fb-4c10-aee7-c89484a5d473.png]
[www.nurseitmukaytegin.com/envato-templates/xen/assets/images/clients/69cb9e61-d0b8-4420-b8bd-454c9b9e1dc1.png]
[www.nurseitmukaytegin.com/envato-templates/xen/assets/images/clients/492492b2-b7d9-4648-a164-f530ecd6321a.png]
[www.nurseitmukaytegin.com/envato-templates/xen/assets/images/clients/9a6c570f-d03a-4806-9a30-dddc648707d9.png]
[www.nurseitmukaytegin.com/envato-templates/xen/assets/images/clients/b908b85c-f837-4dba-80cf-d961d6fcad29.png]
[www.nurseitmukaytegin.com/envato-templates/xen/assets/images/clients/6e63c653-6997-42c6-b788-28e9fb6d15b7.png]
[www.nurseitmukaytegin.com/envato-templates/xen/assets/images/clients/d5f831cf-3fb0-490b-aadc-3591c8b64156.png]
[www.nurseitmukaytegin.com/envato-templates/xen/assets/images/clients/2ed0436b-e3ea-48aa-85ca-755de0719c9a.png]
[www.nurseitmukaytegin.com/envato-templates/xen/assets/images/clients/d51e13e6-1320-4227-8bc8-c36aaa82dffd.png]
[www.nurseitmukaytegin.com/envato-templates/xen/assets/images/clients/aed14647-8ecf-4fef-8274-737d79a7ede1.png]
[www.nurseitmukaytegin.com/envato-templates/xen/assets/images/clients/d383cf8d-abee-4290-810d-a965f6c0fa6c.png]
[www.nurseitmukaytegin.com/envato-templates/xen/assets/images/clients/7f7b6ede-3a3e-4e17-af25-f881c0121d63.png]
[www.nurseitmukaytegin.com/envato-templates/xen/assets/images/testimonials/adult-beanie-black-background-1529350.jpg]
[www.nurseitmukaytegin.com/envato-templates/xen/assets/images/testimonials/pexels-photo-428340.jpg]
[www.nurseitmukaytegin.com/envato-templates/xen/assets/images/testimonials/pexels-photo-764529.jpg]
[www.nurseitmukaytegin.com/envato-templates/xen/assets/images/testimonials/pexels-photo-809433.jpg]
[www.nurseitmukaytegin.com/envato-templates/xen/assets/images/testimonials/pexels-photo-894156.jpg]
[www.nurseitmukaytegin.com/envato-templates/xen/assets/images/backgrounds/business-calligraphy-chinese-lanterns-1455969.jpg]
[www.nurseitmukaytegin.com/envato-templates/xen/assets/images/blog/bodypaint-female-girl-50595.jpg]
[www.nurseitmukaytegin.com/envato-templates/xen/assets/images/blog/auto-automobile-automotive-358201.jpg]
[www.nurseitmukaytegin.com/envato-templates/xen/assets/images/blog/art-blur-close-up-1826029.jpg]
[www.nurseitmukaytegin.com/envato-templates/xen/assets/js/plugins.js]
[www.nurseitmukaytegin.com/envato-templates/xen/assets/js/main.js]
[www.nurseitmukaytegin.com/envato-templates/xen/index.html]
[www.nurseitmukaytegin.com/envato-templates/xen/assets/webfonts/fa-brands-400.eot]
[www.nurseitmukaytegin.com/envato-templates/xen/assets/webfonts/fa-brands-400.woff2]
[www.nurseitmukaytegin.com/envato-templates/xen/assets/webfonts/fa-brands-400d41d.eot]
[www.nurseitmukaytegin.com/envato-templates/xen/assets/webfonts/fa-brands-400.woff]
[www.nurseitmukaytegin.com/envato-templates/xen/assets/webfonts/fa-brands-400.ttf]
[www.nurseitmukaytegin.com/envato-templates/xen/assets/webfonts/fa-regular-400.eot]
[www.nurseitmukaytegin.com/envato-templates/xen/assets/webfonts/fa-regular-400.woff2]
[www.nurseitmukaytegin.com/envato-templates/xen/assets/webfonts/fa-regular-400d41d.eot]
[www.nurseitmukaytegin.com/envato-templates/xen/assets/webfonts/fa-regular-400.woff]
[www.nurseitmukaytegin.com/envato-templates/xen/assets/webfonts/fa-regular-400.ttf]
[www.nurseitmukaytegin.com/envato-templates/xen/assets/webfonts/fa-solid-900.eot]
[www.nurseitmukaytegin.com/envato-templates/xen/assets/webfonts/fa-solid-900.woff2]
[www.nurseitmukaytegin.com/envato-templates/xen/assets/webfonts/fa-solid-900d41d.eot]
[www.nurseitmukaytegin.com/envato-templates/xen/assets/webfonts/fa-solid-900.woff]
[www.nurseitmukaytegin.com/envato-templates/xen/assets/webfonts/fa-solid-900.ttf]
[www.nurseitmukaytegin.com/envato-templates/xen/assets/css/plugins.css]
[www.nurseitmukaytegin.com/envato-templates/xen/assets/css/style.css]
[www.nurseitmukaytegin.com/envato-templates/xen/index-2.html]
[www.nurseitmukaytegin.com/envato-templates/xen/video_home.html]
[www.nurseitmukaytegin.com/envato-templates/xen/assets/images/backgrounds/fullscreen/attractive-beautiful-beauty-2123778.jpg]
[www.nurseitmukaytegin.com/envato-templates/xen/assets/images/backgrounds/fullscreen/models-adult-casual-wear-2196688.jpg]
[www.nurseitmukaytegin.com/envato-templates/xen/assets/images/backgrounds/fullscreen/blur-blurred-background-close-up-2189907.jpg]
[www.nurseitmukaytegin.com/envato-templates/xen/home_fullscreen.html]
[www.nurseitmukaytegin.com/envato-templates/xen/assets/images/backgrounds/fullscreen/black-and-white-face-model-getting-ready-1919235.jpg]
[www.nurseitmukaytegin.com/envato-templates/xen/assets/js/particles_init.js]
[www.nurseitmukaytegin.com/envato-templates/xen/home_particles.html]
[www.nurseitmukaytegin.com/envato-templates/xen/assets/images/backgrounds/fullscreen/adult-beautiful-woman-brunette-2177471.jpg]
[www.nurseitmukaytegin.com/envato-templates/xen/assets/js/typewriter.js]
[www.nurseitmukaytegin.com/envato-templates/xen/home_typewriter.html]
[www.nurseitmukaytegin.com/envato-templates/xen/assets/images/team/1.jpg]
[www.nurseitmukaytegin.com/envato-templates/xen/assets/images/team/2.jpg]
[www.nurseitmukaytegin.com/envato-templates/xen/assets/images/team/3.jpg]
[www.nurseitmukaytegin.com/envato-templates/xen/assets/images/team/4.jpg]
[www.nurseitmukaytegin.com/envato-templates/xen/assets/images/team/5.jpg]
[www.nurseitmukaytegin.com/envato-templates/xen/assets/images/about/adult-brainstorming-business-1437908.jpg]
[www.nurseitmukaytegin.com/envato-templates/xen/assets/images/about/apple-computer-desk-159807.jpg]
[www.nurseitmukaytegin.com/envato-templates/xen/assets/images/about/apple-brainstorming-business-908288.jpg]
[www.nurseitmukaytegin.com/envato-templates/xen/assets/images/about/adult-bear-beautiful-792535.jpg]
[www.nurseitmukaytegin.com/envato-templates/xen/assets/images/about/hands-indoors-man-1204001.jpg]
[www.nurseitmukaytegin.com/envato-templates/xen/about.html]
[www.nurseitmukaytegin.com/envato-templates/xen/assets/images/services/achievement-brainstorming-branding-1162968.jpg]
[www.nurseitmukaytegin.com/envato-templates/xen/assets/images/services/apple-books-computers-115655.jpg]
[www.nurseitmukaytegin.com/envato-templates/xen/assets/images/services/american-casual-cellphone-1262971.jpg]
[www.nurseitmukaytegin.com/envato-templates/xen/assets/images/services/action-asia-blur-1455989.jpg]
[www.nurseitmukaytegin.com/envato-templates/xen/assets/images/services/analysis-business-coffee-1549702.jpg]
[www.nurseitmukaytegin.com/envato-templates/xen/assets/images/services/analysis-business-businesswoman-955447.jpg]
[www.nurseitmukaytegin.com/envato-templates/xen/assets/images/services/beautiful-brainstorming-business-1136757.jpg]
[www.nurseitmukaytegin.com/envato-templates/xen/assets/images/services/action-plan-brainstorming-complex-212286.jpg]
[www.nurseitmukaytegin.com/envato-templates/xen/assets/images/services/business-business-people-calendar-1187439.jpg]
[www.nurseitmukaytegin.com/envato-templates/xen/assets/images/services/analysis-analytics-application-590016.jpg]
[www.nurseitmukaytegin.com/envato-templates/xen/services.html]
[www.nurseitmukaytegin.com/envato-templates/xen/assets/images/projects/adult-bulb-close-up-973506.jpg]
[www.nurseitmukaytegin.com/envato-templates/xen/assets/images/projects/close-up-computer-control-1579240.jpg]
[www.nurseitmukaytegin.com/envato-templates/xen/assets/images/projects/blades-footwear-hanging-914996.jpg]
[www.nurseitmukaytegin.com/envato-templates/xen/assets/images/projects/buttons-console-dark-1637438.jpg]
[www.nurseitmukaytegin.com/envato-templates/xen/portfolio.html]
[www.nurseitmukaytegin.com/envato-templates/xen/assets/images/projects/full_screen_slider/abandoned-architecture-building-2096610.jpg]
[www.nurseitmukaytegin.com/envato-templates/xen/assets/images/projects/full_screen_slider/beautiful-costume-mask-2058816.jpg]
[www.nurseitmukaytegin.com/envato-templates/xen/assets/images/projects/full_screen_slider/chair-contemporary-cushions-1439965.jpg]
[www.nurseitmukaytegin.com/envato-templates/xen/assets/images/projects/full_screen_slider/classic-colouful-footwear-2044088.jpg]
[www.nurseitmukaytegin.com/envato-templates/xen/assets/images/projects/full_screen_slider/architecture-building-low-angle-shot-2075059.jpg]
[www.nurseitmukaytegin.com/envato-templates/xen/assets/images/projects/full_screen_slider/action-balance-jumping-2020157.jpg]
[www.nurseitmukaytegin.com/envato-templates/xen/assets/images/projects/full_screen_slider/art-artwork-black-1893536.jpg]
[www.nurseitmukaytegin.com/envato-templates/xen/assets/images/projects/full_screen_slider/action-adult-daylight-683241.jpg]
[www.nurseitmukaytegin.com/envato-templates/xen/assets/images/projects/full_screen_slider/art-black-background-bone-1918290.jpg]
[www.nurseitmukaytegin.com/envato-templates/xen/portfolio_full_screen.html]
[www.nurseitmukaytegin.com/envato-templates/xen/assets/images/backgrounds/camera-casual-fashion-2116503.jpg]
[www.nurseitmukaytegin.com/envato-templates/xen/assets/images/projects/slider/abandoned-architecture-building-2096610.jpg]
[www.nurseitmukaytegin.com/envato-templates/xen/assets/images/projects/slider/action-adult-daylight-683241.jpg]
[www.nurseitmukaytegin.com/envato-templates/xen/assets/images/projects/slider/action-balance-jumping-2020157.jpg]
[www.nurseitmukaytegin.com/envato-templates/xen/assets/images/projects/slider/architecture-building-low-angle-shot-2075059.jpg]
[www.nurseitmukaytegin.com/envato-templates/xen/assets/images/projects/slider/art-artwork-black-1893536.jpg]
[www.nurseitmukaytegin.com/envato-templates/xen/assets/images/projects/slider/art-black-background-bone-1918290.jpg]
[www.nurseitmukaytegin.com/envato-templates/xen/assets/images/projects/slider/beautiful-costume-mask-2058816.jpg]
[www.nurseitmukaytegin.com/envato-templates/xen/assets/images/projects/slider/chair-contemporary-cushions-1439965.jpg]
[www.nurseitmukaytegin.com/envato-templates/xen/assets/images/projects/slider/classic-colouful-footwear-2044088.jpg]
[www.nurseitmukaytegin.com/envato-templates/xen/portfolio_slider.html]
[www.nurseitmukaytegin.com/envato-templates/xen/portfolio_columns_slider.html]
[www.nurseitmukaytegin.com/envato-templates/xen/assets/images/backgrounds/closed-eyes-concept-fashion-2035871.jpg]
[www.nurseitmukaytegin.com/envato-templates/xen/assets/images/projects/grid/1.jpg]
[www.nurseitmukaytegin.com/envato-templates/xen/assets/images/projects/grid/2.jpg]
[www.nurseitmukaytegin.com/envato-templates/xen/assets/images/projects/grid/3.jpg]
[www.nurseitmukaytegin.com/envato-templates/xen/assets/images/projects/grid/4.jpg]
[www.nurseitmukaytegin.com/envato-templates/xen/assets/images/projects/grid/5.jpg]
[www.nurseitmukaytegin.com/envato-templates/xen/assets/images/projects/grid/6.jpg]
[www.nurseitmukaytegin.com/envato-templates/xen/assets/images/projects/grid/7.jpg]
[www.nurseitmukaytegin.com/envato-templates/xen/assets/images/projects/grid/8.jpg]
[www.nurseitmukaytegin.com/envato-templates/xen/assets/images/projects/grid/9.jpg]
[www.nurseitmukaytegin.com/envato-templates/xen/portfolio_filter.html]
[www.nurseitmukaytegin.com/envato-templates/xen/assets/images/projects/pexels-photo-1093236.jpg]
[www.nurseitmukaytegin.com/envato-templates/xen/assets/images/projects/pexels-photo-544491.jpg]
[www.nurseitmukaytegin.com/envato-templates/xen/assets/images/projects/pexels-photo-257699.jpg]
[www.nurseitmukaytegin.com/envato-templates/xen/assets/images/projects/pexels-photo-109003.jpg]
[www.nurseitmukaytegin.com/envato-templates/xen/assets/images/projects/pexels-photo-688988.jpg]
[www.nurseitmukaytegin.com/envato-templates/xen/assets/images/projects/pexels-photo-724921.jpg]
[www.nurseitmukaytegin.com/envato-templates/xen/assets/images/projects/pexels-photo-916015.jpg]
[www.nurseitmukaytegin.com/envato-templates/xen/assets/images/projects/1.jpg]
[www.nurseitmukaytegin.com/envato-templates/xen/assets/images/projects/pexels-photo-1762539.jpg]
[www.nurseitmukaytegin.com/envato-templates/xen/project.html]
[www.nurseitmukaytegin.com/envato-templates/xen/assets/images/blog/auditorium-lamps-lights-1649683.jpg]
[www.nurseitmukaytegin.com/envato-templates/xen/assets/images/blog/aerial-shot-conceptual-couple-1781390.jpg]
[www.nurseitmukaytegin.com/envato-templates/xen/assets/images/blog/pexels-photo.jpg]
[www.nurseitmukaytegin.com/envato-templates/xen/assets/images/blog/pexels-photo-305250.jpg]
[www.nurseitmukaytegin.com/envato-templates/xen/assets/images/blog/pexels-photo-348523.jpg]
[www.nurseitmukaytegin.com/envato-templates/xen/assets/images/blog/pexels-photo-1057120.jpg]
[www.nurseitmukaytegin.com/envato-templates/xen/assets/images/blog/pexels-photo-1280553.jpg]
[www.nurseitmukaytegin.com/envato-templates/xen/assets/images/blog/pexels-photo-573298.jpg]
[www.nurseitmukaytegin.com/envato-templates/xen/assets/images/blog/pexels-photo-1334602.jpg]
[www.nurseitmukaytegin.com/envato-templates/xen/assets/images/blog/pexels-photo-1707728.jpg]
[www.nurseitmukaytegin.com/envato-templates/xen/assets/images/blog/pexels-photo-1670770.jpg]
[www.nurseitmukaytegin.com/envato-templates/xen/blog.html]
[www.nurseitmukaytegin.com/envato-templates/xen/assets/images/blog/black-background-face-paint-group-2045035.jpg]
[www.nurseitmukaytegin.com/envato-templates/xen/assets/images/blog/adult-art-artistic-1002237.jpg]
[www.nurseitmukaytegin.com/envato-templates/xen/assets/images/blog/abstract-art-bright-682025.jpg]
[www.nurseitmukaytegin.com/envato-templates/xen/assets/images/blog/art-dark-ethnic-1038041.jpg]
[www.nurseitmukaytegin.com/envato-templates/xen/assets/images/blog/art-blooming-bouquet-1480523.jpg]
[www.nurseitmukaytegin.com/envato-templates/xen/assets/images/blog/fashion-fashion-models-female-1300571.jpg]
[www.nurseitmukaytegin.com/envato-templates/xen/assets/images/avatars/adolescent-beautiful-beauty-247878.jpg]
[www.nurseitmukaytegin.com/envato-templates/xen/assets/images/avatars/adult-blur-brick-walls-846741.jpg]
[www.nurseitmukaytegin.com/envato-templates/xen/assets/images/avatars/attractive-background-beautiful-756453.jpg]
[www.nurseitmukaytegin.com/envato-templates/xen/assets/images/avatars/attractive-beautiful-beautiful-girl-1028927.jpg]
[www.nurseitmukaytegin.com/envato-templates/xen/assets/images/avatars/attractive-beautiful-beauty-1375849.jpg]
[www.nurseitmukaytegin.com/envato-templates/xen/assets/images/avatars/blue-boy-daylight-1205033.jpg]
[www.nurseitmukaytegin.com/envato-templates/xen/assets/images/avatars/casual-close-up-eyeglasses-1516680.jpg]
[www.nurseitmukaytegin.com/envato-templates/xen/single_post.html]
[www.nurseitmukaytegin.com/envato-templates/xen/assets/images/backgrounds/pexels-photo-1287145.jpg]
[www.nurseitmukaytegin.com/envato-templates/xen/contact.html]
[www.nurseitmukaytegin.com/envato-templates/xen/assets/webfonts/fa-brands-400.svg]
[www.nurseitmukaytegin.com/envato-templates/xen/assets/webfonts/fa-regular-400.svg]
[www.nurseitmukaytegin.com/envato-templates/xen/assets/webfonts/fa-solid-900.svg]
[www.nurseitmukaytegin.com/envato-templates/xen/assets/images/projects/air-aircraft-aviate-529598.jpg]
